// Jest Snapshot v1, https://goo.gl/fbAQLP

exports[`FooterElement should render correctly 1`] = `
.c1 {
  font-family: 'IBM Plex Sans','Helvetica Neue',Arial,sans-serif;
  font-weight: 500;
  font-size: 1rem;
  text-transform: none;
  font-style: normal;
  color: #545456;
  opacity: 1;
  cursor: pointer;
  -webkit-text-decoration: none;
  text-decoration: none;
}

.c1:hover {
  color: #004A7C;
  -webkit-text-decoration: none;
  text-decoration: none;
}

.c0 {
  position: relative;
  white-space: nowrap;
}

<FooterLink>
  <Styled(Link)
    size="1rem"
    weight={500}
  >
    <StyledComponent
      forwardedComponent={
        Object {
          "$$typeof": Symbol(react.forward_ref),
          "attrs": Array [],
          "componentStyle": ComponentStyle {
            "componentId": "sc-bwzfXH",
            "isStatic": true,
            "lastClassName": "c0",
            "rules": Array [
              "
  position: relative;
  white-space: nowrap;
",
            ],
          },
          "displayName": "Styled(Link)",
          "foldedComponentIds": Array [],
          "render": [Function],
          "styledComponentId": "sc-bwzfXH",
          "target": [Function],
          "toString": [Function],
          "warnTooManyClasses": [Function],
          "withComponent": [Function],
          Symbol(Symbol.hasInstance): [Function],
        }
      }
      forwardedRef={null}
      size="1rem"
      weight={500}
    >
      <Link
        capitalize={false}
        className="c0"
        e2e="defaultLink"
        italic={false}
        opacity={1}
        size="1rem"
        uppercase={false}
        weight={500}
      >
        <styled.a
          capitalize={false}
          className="c0"
          e2e="defaultLink"
          italic={false}
          opacity={1}
          size="1rem"
          uppercase={false}
          weight={500}
        >
          <StyledComponent
            capitalize={false}
            className="c0"
            e2e="defaultLink"
            forwardedComponent={
              Object {
                "$$typeof": Symbol(react.forward_ref),
                "attrs": Array [
                  [Function],
                ],
                "componentStyle": ComponentStyle {
                  "componentId": "sc-bdVaJa",
                  "isStatic": false,
                  "lastClassName": "c1",
                  "rules": Array [
                    "
  font-family: ",
                    [Function],
                    ";
  font-weight: ",
                    [Function],
                    ";
  font-size: ",
                    [Function],
                    ";
  text-transform: ",
                    [Function],
                    ";
  font-style: ",
                    [Function],
                    ";
  color: ",
                    [Function],
                    ";
  opacity: ",
                    [Function],
                    ";
  cursor: pointer;
  text-decoration: none;

  &:hover {
    color: ",
                    [Function],
                    ";
    text-decoration: none;
  }
",
                  ],
                },
                "displayName": "styled.a",
                "foldedComponentIds": Array [],
                "render": [Function],
                "styledComponentId": "sc-bdVaJa",
                "target": "a",
                "toString": [Function],
                "warnTooManyClasses": [Function],
                "withComponent": [Function],
              }
            }
            forwardedRef={null}
            italic={false}
            opacity={1}
            size="1rem"
            uppercase={false}
            weight={500}
          >
            <a
              className="c0 c1"
              data-e2e="defaultLink"
              opacity={1}
              size="1rem"
            >
              FooterLink
            </a>
          </StyledComponent>
        </styled.a>
      </Link>
    </StyledComponent>
  </Styled(Link)>
</FooterLink>
`;
