// Jest Snapshot v1, https://goo.gl/fbAQLP

exports[`FooterElement should render correctly 1`] = `
.c0 {
  display: block;
  margin-bottom: 1.25rem;
  line-height: 1.4;
  overflow-wrap: break-word;
}

<FooterElement>
  <styled.div>
    <StyledComponent
      forwardedComponent={
        Object {
          "$$typeof": Symbol(react.forward_ref),
          "attrs": Array [],
          "componentStyle": ComponentStyle {
            "componentId": "sc-bdVaJa",
            "isStatic": true,
            "lastClassName": "c0",
            "rules": Array [
              "
  display: block;
  margin-bottom: 1.25rem;
  line-height: 1.4;
  overflow-wrap: break-word;
",
            ],
          },
          "displayName": "styled.div",
          "foldedComponentIds": Array [],
          "render": [Function],
          "styledComponentId": "sc-bdVaJa",
          "target": "div",
          "toString": [Function],
          "warnTooManyClasses": [Function],
          "withComponent": [Function],
        }
      }
      forwardedRef={null}
    >
      <div
        className="c0"
      >
        FooterElement
      </div>
    </StyledComponent>
  </styled.div>
</FooterElement>
`;
