// Jest Snapshot v1, https://goo.gl/fbAQLP

exports[`FooterElement should render correctly 1`] = `
.c0 {
  display: -webkit-box;
  display: -webkit-flex;
  display: -ms-flexbox;
  display: flex;
  -webkit-flex-direction: row;
  -ms-flex-direction: row;
  flex-direction: row;
  -webkit-box-pack: start;
  -webkit-justify-content: flex-start;
  -ms-flex-pack: start;
  justify-content: flex-start;
  -webkit-align-items: flex-start;
  -webkit-box-align: flex-start;
  -ms-flex-align: flex-start;
  align-items: flex-start;
  width: 100%;
  margin-top: 1.25rem;
}

.c0 > :first-child {
  margin-right: 0.75rem;
}

<FooterElement>
  <styled.div>
    <div
      className="c0"
    >
      FooterElement
    </div>
  </styled.div>
</FooterElement>
`;
