// Jest Snapshot v1, https://goo.gl/fbAQLP

exports[`Footer should render correctly 1`] = `
.c0 {
  display: -webkit-box;
  display: -webkit-flex;
  display: -ms-flexbox;
  display: flex;
  -webkit-flex-direction: column;
  -ms-flex-direction: column;
  flex-direction: column;
  -webkit-box-pack: start;
  -webkit-justify-content: flex-start;
  -ms-flex-pack: start;
  justify-content: flex-start;
  -webkit-align-items: flex-start;
  -webkit-box-align: flex-start;
  -ms-flex-align: flex-start;
  align-items: flex-start;
  width: 100%;
  padding: 1.25rem 2rem;
  box-sizing: border-box;
}

@media (min-width:48rem) {
  .c0 {
    padding: 1.25rem 3rem;
  }
}

<Footer>
  <styled.div>
    <div
      className="c0"
    >
      Footer
    </div>
  </styled.div>
</Footer>
`;
