// Jest Snapshot v1, https://goo.gl/fbAQLP

exports[`TabMenuToggler should render correctly 1`] = `
.c1 {
  fill: #545456;
  cursor: pointer;
}

.c1:hover {
  fill: #757679;
}

.c0 {
  position: absolute;
  top: 10px;
  right: 20px;
}

@media (min-width:48rem) {
  .c0 {
    display: none;
  }
}

<TabMenuToggler>
  <Styled(withStyle)>
    <withStyle
      className="c0"
      selectable={true}
      size="1.3rem"
    >
      <styled.svg
        className="c0"
        height="1.3rem"
        selectable={true}
        viewBox="0 0 448 512"
        width="1.3rem"
        xmlns="http://www.w3.org/2000/svg"
      >
        <svg
          className="c0 c1"
          height="1.3rem"
          viewBox="0 0 448 512"
          width="1.3rem"
          xmlns="http://www.w3.org/2000/svg"
        >
          <Bars>
            <path
              d="M16 132h416c8.837 0 16-7.163 16-16V76c0-8.837-7.163-16-16-16H16C7.163 60 0 67.163 0 76v40c0 8.837 7.163 16 16 16zm0 160h416c8.837 0 16-7.163 16-16v-40c0-8.837-7.163-16-16-16H16c-8.837 0-16 7.163-16 16v40c0 8.837 7.163 16 16 16zm0 160h416c8.837 0 16-7.163 16-16v-40c0-8.837-7.163-16-16-16H16c-8.837 0-16 7.163-16 16v40c0 8.837 7.163 16 16 16z"
            />
          </Bars>
        </svg>
      </styled.svg>
    </withStyle>
  </Styled(withStyle)>
</TabMenuToggler>
`;
