// Jest Snapshot v1, https://goo.gl/fbAQLP

exports[`TabMenuToggler should render correctly 1`] = `
.c1 {
  fill: #545456;
  cursor: default;
}

.c1:hover {
  fill: #545456;
}

.c0 {
  position: absolute;
  top: 10px;
  right: 20px;
}

.c2 {
  fill: #545456;
  width: 1.3rem;
  height: 1.3rem;
  cursor: pointer;
}

.c2:hover {
  fill: #757679;
}

@media (min-width:48rem) {
  .c0 {
    display: none;
  }
}

<TabMenuToggler>
  <Styled(Icon)>
    <Icon
      className="c0"
      name="hamburgerMenu"
      selectable={true}
      size="1.3rem"
    >
      <styled.div>
        <div
          className="c1"
        >
          <Styled(HamburgerMenu)
            className="c0"
            selectable="1"
            size="1.3rem"
          >
            <HamburgerMenu
              className="c0 c2"
              selectable="1"
              size="1.3rem"
            >
              <svg
                className="c0 c2"
                height="1em"
                selectable="1"
                size="1.3rem"
                viewBox="0 0 32 32"
                width="1em"
              >
                <path
                  d="M0 23.592h32v4.128H0v-4.128zM0 13.936h32v4.128H0v-4.128zM0 4.28h32v4.128H0V4.28z"
                />
              </svg>
            </HamburgerMenu>
          </Styled(HamburgerMenu)>
        </div>
      </styled.div>
    </Icon>
  </Styled(Icon)>
</TabMenuToggler>
`;
