// Jest Snapshot v1, https://goo.gl/fbAQLP

exports[`Table should render correctly 1`] = `
.c0 {
  display: -webkit-box;
  display: -webkit-flex;
  display: -ms-flexbox;
  display: flex;
  -webkit-flex-direction: column;
  -ms-flex-direction: column;
  flex-direction: column;
  -webkit-box-pack: start;
  -webkit-justify-content: flex-start;
  -ms-flex-pack: start;
  justify-content: flex-start;
  -webkit-align-items: flex-start;
  -webkit-box-align: flex-start;
  -ms-flex-align: flex-start;
  align-items: flex-start;
  width: 100%;
  box-shadow: 0 0 1.5rem 0.4rem #DFE3EB;
}

.c0 > :nth-child(even) {
  background-color: #F0F2F7;
}

.c0 > :nth-child(odd) {
  background-color: #FFF;
}

<Table>
  <styled.div>
    <StyledComponent
      forwardedComponent={
        Object {
          "$$typeof": Symbol(react.forward_ref),
          "attrs": Array [],
          "componentStyle": ComponentStyle {
            "componentId": "sc-bdVaJa",
            "isStatic": false,
            "lastClassName": "c0",
            "rules": Array [
              "
  display: flex;
  flex-direction: column;
  justify-content: flex-start;
  align-items: flex-start;
  width: 100%;
  box-shadow: 0 0 1.5rem 0.4rem ",
              [Function],
              ";

  & > :nth-child(even) {
    background-color: ",
              [Function],
              ";
  }

  & > :nth-child(odd) {
    background-color: ",
              [Function],
              ";
  }
",
            ],
          },
          "displayName": "styled.div",
          "foldedComponentIds": Array [],
          "render": [Function],
          "styledComponentId": "sc-bdVaJa",
          "target": "div",
          "toString": [Function],
          "warnTooManyClasses": [Function],
          "withComponent": [Function],
        }
      }
      forwardedRef={null}
    >
      <div
        className="c0"
      >
        MyTable
      </div>
    </StyledComponent>
  </styled.div>
</Table>
`;
