// Jest Snapshot v1, https://goo.gl/fbAQLP

exports[`Button should render correctly 1`] = `
.c1 {
  display: -webkit-box;
  display: -webkit-flex;
  display: -ms-flexbox;
  display: flex;
  -webkit-flex-direction: row;
  -ms-flex-direction: row;
  flex-direction: row;
  -webkit-box-pack: center;
  -webkit-justify-content: center;
  -ms-flex-pack: center;
  justify-content: center;
  -webkit-align-items: center;
  -webkit-box-align: center;
  -ms-flex-align: center;
  align-items: center;
  height: 2.5rem;
  line-height: 2.5rem;
  width: 100%;
  padding: 0 1rem;
  box-sizing: border-box;
  color: #FFF;
  background-color: #004A7C;
  border: none;
  border-radius: 0.125rem;
  cursor: pointer;
  outline: none;
  -webkit-transition: all 0.3s ease 0s;
  transition: all 0.3s ease 0s;
  opacity: 1;
  font-family: 'IBM Plex Sans','Helvetica Neue',Arial,sans-serif;
  font-size: 1rem;
  font-weight: 600;
}

.c1:hover {
  background-color: #0068af;
  -webkit-transform: none;
  -ms-transform: none;
  transform: none;
}

.c0 {
  display: -webkit-box;
  display: -webkit-flex;
  display: -ms-flexbox;
  display: flex;
  -webkit-flex-direction: row;
  -ms-flex-direction: row;
  flex-direction: row;
  -webkit-box-pack: center;
  -webkit-justify-content: center;
  -ms-flex-pack: center;
  justify-content: center;
  -webkit-align-items: center;
  -webkit-box-align: center;
  -ms-flex-align: center;
  align-items: center;
}

.c0 *:not(:last-child) {
  margin-right: 0.4rem;
}

.c0 > :first-child {
  border-top-right-radius: initial;
  border-bottom-right-radius: initial;
}

.c0 > :last-child {
  border-top-left-radius: initial;
  border-bottom-left-radius: initial;
}

.c0 > :not(:first-child):not(:last-child) {
  border-top-right-radius: initial;
  border-bottom-right-radius: initial;
  border-top-left-radius: initial;
  border-bottom-left-radius: initial;
}

<ButtonGroup>
  <styled.div>
    <div
      className="c0"
    >
      <Button1>
        <Button
          bounced={false}
          disabled={false}
          e2e="defaultButton"
          type="button"
        >
          <styled.button
            bounced={false}
            disabled={false}
            e2e="defaultButton"
            type="button"
          >
            <button
              className="c1"
              data-e2e="defaultButton"
              disabled={false}
              type="button"
            >
              Button1
            </button>
          </styled.button>
        </Button>
      </Button1>
      <Button2>
        <Button
          bounced={false}
          disabled={false}
          e2e="defaultButton"
          type="button"
        >
          <styled.button
            bounced={false}
            disabled={false}
            e2e="defaultButton"
            type="button"
          >
            <button
              className="c1"
              data-e2e="defaultButton"
              disabled={false}
              type="button"
            >
              Button2
            </button>
          </styled.button>
        </Button>
      </Button2>
      <Button3>
        <Button
          bounced={false}
          disabled={false}
          e2e="defaultButton"
          type="button"
        >
          <styled.button
            bounced={false}
            disabled={false}
            e2e="defaultButton"
            type="button"
          >
            <button
              className="c1"
              data-e2e="defaultButton"
              disabled={false}
              type="button"
            >
              Button3
            </button>
          </styled.button>
        </Button>
      </Button3>
    </div>
  </styled.div>
</ButtonGroup>
`;
