// Jest Snapshot v1, https://goo.gl/fbAQLP

exports[`NavbarDropdownHeader should render correctly 1`] = `
.c0 {
  font-family: 'IBM Plex Sans','Helvetica Neue',Arial,sans-serif;
  font-size: 1rem;
  font-weight: 600;
  color: #FFF;
  cursor: pointer;
  display: none;
}

@media (min-width:48rem) {
  .c0 {
    display: block;
  }
}

<NavbarDropdownHeader>
  <styled.span>
    <span
      className="c0"
    />
  </styled.span>
</NavbarDropdownHeader>
`;
