// Jest Snapshot v1, https://goo.gl/fbAQLP

exports[`Toggler should render correctly 1`] = `
.c0 {
  display: -webkit-box;
  display: -webkit-flex;
  display: -ms-flexbox;
  display: flex;
  -webkit-flex-direction: row;
  -ms-flex-direction: row;
  flex-direction: row;
  -webkit-box-pack: start;
  -webkit-justify-content: flex-start;
  -ms-flex-pack: start;
  justify-content: flex-start;
  -webkit-align-items: flex-start;
  -webkit-box-align: flex-start;
  -ms-flex-align: flex-start;
  align-items: flex-start;
  width: -webkit-fit-content;
  width: -moz-fit-content;
  width: fit-content;
  border: 1px solid #EEF2F5;
  border-radius: 0.2rem;
  box-sizing: border-box;
}

.c0 > *:not(:last-child) {
  border-right: 1px solid #EEF2F5;
}

<Toggler>
  <styled.div>
    <div
      className="c0"
    >
      Toggler
    </div>
  </styled.div>
</Toggler>
`;
