// Jest Snapshot v1, https://goo.gl/fbAQLP

exports[`Toggler should render correctly 1`] = `
.c0 {
  display: -webkit-box;
  display: -webkit-flex;
  display: -ms-flexbox;
  display: flex;
  -webkit-flex-direction: row;
  -ms-flex-direction: row;
  flex-direction: row;
  -webkit-box-pack: start;
  -webkit-justify-content: flex-start;
  -ms-flex-pack: start;
  justify-content: flex-start;
  -webkit-align-items: flex-start;
  -webkit-box-align: flex-start;
  -ms-flex-align: flex-start;
  align-items: flex-start;
  width: -webkit-fit-content;
  width: -moz-fit-content;
  width: fit-content;
  border: 1px solid rgba(0,0,0,0);
  border-radius: 0.2rem;
  box-sizing: border-box;
}

.c0 > *:not(:last-child) {
  border-right: 1px solid rgba(0,0,0,0);
}

<Toggler>
  <styled.div>
    <StyledComponent
      forwardedComponent={
        Object {
          "$$typeof": Symbol(react.forward_ref),
          "attrs": Array [],
          "componentStyle": ComponentStyle {
            "componentId": "sc-bdVaJa",
            "isStatic": false,
            "lastClassName": "c0",
            "rules": Array [
              "
  display: flex;
  flex-direction: row;
  justify-content: flex-start;
  align-items: flex-start;
  width: fit-content;
  border: 1px solid ",
              [Function],
              ";
  border-radius: 0.2rem;
  box-sizing: border-box;

  & > *:not(:last-child) {
    border-right: 1px solid ",
              [Function],
              ";
  }
",
            ],
          },
          "displayName": "styled.div",
          "foldedComponentIds": Array [],
          "render": [Function],
          "styledComponentId": "sc-bdVaJa",
          "target": "div",
          "toString": [Function],
          "warnTooManyClasses": [Function],
          "withComponent": [Function],
        }
      }
      forwardedRef={null}
    >
      <div
        className="c0"
      >
        Toggler
      </div>
    </StyledComponent>
  </styled.div>
</Toggler>
`;
